error: equality checks against true are unnecessary
  --> $DIR/bool_comparison.rs:13:8
   |
13 |     if x == true {
   |        ^^^^^^^^^ help: try simplifying it as shown: `x`
   |
   = note: `-D clippy::bool-comparison` implied by `-D warnings`

error: equality checks against false can be replaced by a negation
  --> $DIR/bool_comparison.rs:18:8
   |
18 |     if x == false {
   |        ^^^^^^^^^^ help: try simplifying it as shown: `!x`

error: equality checks against true are unnecessary
  --> $DIR/bool_comparison.rs:23:8
   |
23 |     if true == x {
   |        ^^^^^^^^^ help: try simplifying it as shown: `x`

error: equality checks against false can be replaced by a negation
  --> $DIR/bool_comparison.rs:28:8
   |
28 |     if false == x {
   |        ^^^^^^^^^^ help: try simplifying it as shown: `!x`

error: aborting due to 4 previous errors

