error: the function has a cyclomatic complexity of 28
  --> $DIR/cyclomatic_complexity.rs:14:1
   |
14 | / fn main() {
15 | |     if true {
16 | |         println!("a");
17 | |     }
...  |
95 | |     }
96 | | }
   | |_^
   |
   = note: `-D clippy::cyclomatic-complexity` implied by `-D warnings`
   = help: you could split it up into multiple smaller functions

error: the function has a cyclomatic complexity of 7
   --> $DIR/cyclomatic_complexity.rs:99:1
    |
99  | / fn kaboom() {
100 | |     let n = 0;
101 | |     'a: for i in 0..20 {
102 | |         'b: for j in i..20 {
...   |
117 | |     }
118 | | }
    | |_^
    |
    = help: you could split it up into multiple smaller functions

error: the function has a cyclomatic complexity of 1
   --> $DIR/cyclomatic_complexity.rs:145:1
    |
145 | / fn lots_of_short_circuits() -> bool {
146 | |     true && false && true && false && true && false && true
147 | | }
    | |_^
    |
    = help: you could split it up into multiple smaller functions

error: the function has a cyclomatic complexity of 1
   --> $DIR/cyclomatic_complexity.rs:150:1
    |
150 | / fn lots_of_short_circuits2() -> bool {
151 | |     true || false || true || false || true || false || true
152 | | }
    | |_^
    |
    = help: you could split it up into multiple smaller functions

error: the function has a cyclomatic complexity of 2
   --> $DIR/cyclomatic_complexity.rs:155:1
    |
155 | / fn baa() {
156 | |     let x = || match 99 {
157 | |         0 => 0,
158 | |         1 => 1,
...   |
169 | |     }
170 | | }
    | |_^
    |
    = help: you could split it up into multiple smaller functions

error: the function has a cyclomatic complexity of 2
   --> $DIR/cyclomatic_complexity.rs:156:13
    |
156 |       let x = || match 99 {
    |  _____________^
157 | |         0 => 0,
158 | |         1 => 1,
159 | |         2 => 2,
...   |
163 | |         _ => 42,
164 | |     };
    | |_____^
    |
    = help: you could split it up into multiple smaller functions

error: the function has a cyclomatic complexity of 2
   --> $DIR/cyclomatic_complexity.rs:173:1
    |
173 | / fn bar() {
174 | |     match 99 {
175 | |         0 => println!("hi"),
176 | |         _ => println!("bye"),
177 | |     }
178 | | }
    | |_^
    |
    = help: you could split it up into multiple smaller functions

error: the function has a cyclomatic complexity of 2
   --> $DIR/cyclomatic_complexity.rs:192:1
    |
192 | / fn barr() {
193 | |     match 99 {
194 | |         0 => println!("hi"),
195 | |         1 => println!("bla"),
...   |
198 | |     }
199 | | }
    | |_^
    |
    = help: you could split it up into multiple smaller functions

error: the function has a cyclomatic complexity of 3
   --> $DIR/cyclomatic_complexity.rs:202:1
    |
202 | / fn barr2() {
203 | |     match 99 {
204 | |         0 => println!("hi"),
205 | |         1 => println!("bla"),
...   |
214 | |     }
215 | | }
    | |_^
    |
    = help: you could split it up into multiple smaller functions

error: the function has a cyclomatic complexity of 2
   --> $DIR/cyclomatic_complexity.rs:218:1
    |
218 | / fn barrr() {
219 | |     match 99 {
220 | |         0 => println!("hi"),
221 | |         1 => panic!("bla"),
...   |
224 | |     }
225 | | }
    | |_^
    |
    = help: you could split it up into multiple smaller functions

error: the function has a cyclomatic complexity of 3
   --> $DIR/cyclomatic_complexity.rs:228:1
    |
228 | / fn barrr2() {
229 | |     match 99 {
230 | |         0 => println!("hi"),
231 | |         1 => panic!("bla"),
...   |
240 | |     }
241 | | }
    | |_^
    |
    = help: you could split it up into multiple smaller functions

error: the function has a cyclomatic complexity of 2
   --> $DIR/cyclomatic_complexity.rs:244:1
    |
244 | / fn barrrr() {
245 | |     match 99 {
246 | |         0 => println!("hi"),
247 | |         1 => println!("bla"),
...   |
250 | |     }
251 | | }
    | |_^
    |
    = help: you could split it up into multiple smaller functions

error: the function has a cyclomatic complexity of 3
   --> $DIR/cyclomatic_complexity.rs:254:1
    |
254 | / fn barrrr2() {
255 | |     match 99 {
256 | |         0 => println!("hi"),
257 | |         1 => println!("bla"),
...   |
266 | |     }
267 | | }
    | |_^
    |
    = help: you could split it up into multiple smaller functions

error: the function has a cyclomatic complexity of 2
   --> $DIR/cyclomatic_complexity.rs:270:1
    |
270 | / fn cake() {
271 | |     if 4 == 5 {
272 | |         println!("yea");
273 | |     } else {
...   |
276 | |     println!("whee");
277 | | }
    | |_^
    |
    = help: you could split it up into multiple smaller functions

error: the function has a cyclomatic complexity of 4
   --> $DIR/cyclomatic_complexity.rs:280:1
    |
280 | / pub fn read_file(input_path: &str) -> String {
281 | |     use std::fs::File;
282 | |     use std::io::{Read, Write};
283 | |     use std::path::Path;
...   |
305 | |     }
306 | | }
    | |_^
    |
    = help: you could split it up into multiple smaller functions

error: the function has a cyclomatic complexity of 1
   --> $DIR/cyclomatic_complexity.rs:311:1
    |
311 | / fn void(void: Void) {
312 | |     if true {
313 | |         match void {}
314 | |     }
315 | | }
    | |_^
    |
    = help: you could split it up into multiple smaller functions

error: the function has a cyclomatic complexity of 1
   --> $DIR/cyclomatic_complexity.rs:324:1
    |
324 | / fn try() -> Result<i32, &'static str> {
325 | |     match 5 {
326 | |         5 => Ok(5),
327 | |         _ => return Err("bla"),
328 | |     }
329 | | }
    | |_^
    |
    = help: you could split it up into multiple smaller functions

error: the function has a cyclomatic complexity of 1
   --> $DIR/cyclomatic_complexity.rs:332:1
    |
332 | / fn try_again() -> Result<i32, &'static str> {
333 | |     let _ = try!(Ok(42));
334 | |     let _ = try!(Ok(43));
335 | |     let _ = try!(Ok(44));
...   |
344 | |     }
345 | | }
    | |_^
    |
    = help: you could split it up into multiple smaller functions

error: the function has a cyclomatic complexity of 1
   --> $DIR/cyclomatic_complexity.rs:348:1
    |
348 | / fn early() -> Result<i32, &'static str> {
349 | |     return Ok(5);
350 | |     return Ok(5);
351 | |     return Ok(5);
...   |
357 | |     return Ok(5);
358 | | }
    | |_^
    |
    = help: you could split it up into multiple smaller functions

error: the function has a cyclomatic complexity of 8
   --> $DIR/cyclomatic_complexity.rs:362:1
    |
362 | / fn early_ret() -> i32 {
363 | |     let a = if true { 42 } else { return 0; };
364 | |     let a = if a < 99 { 42 } else { return 0; };
365 | |     let a = if a < 99 { 42 } else { return 0; };
...   |
378 | |     }
379 | | }
    | |_^
    |
    = help: you could split it up into multiple smaller functions

error: aborting due to 20 previous errors

