error: you should put `DOC_MARKDOWN` between ticks in the documentation
  --> $DIR/doc.rs:10:29
   |
10 | //! This file tests for the DOC_MARKDOWN lint
   |                             ^^^^^^^^^^^^
   |
   = note: `-D clippy::doc-markdown` implied by `-D warnings`

error: you should put `foo_bar` between ticks in the documentation
  --> $DIR/doc.rs:15:9
   |
15 | /// The foo_bar function does _nothing_. See also foo::bar. (note the dot there)
   |         ^^^^^^^

error: you should put `foo::bar` between ticks in the documentation
  --> $DIR/doc.rs:15:51
   |
15 | /// The foo_bar function does _nothing_. See also foo::bar. (note the dot there)
   |                                                   ^^^^^^^^

error: you should put `Foo::some_fun` between ticks in the documentation
  --> $DIR/doc.rs:16:84
   |
16 | /// Markdown is _weird_. I mean _really weird_.  This /_ is ok. So is `_`. But not Foo::some_fun
   |                                                                                    ^^^^^^^^^^^^^

error: you should put `a::global:path` between ticks in the documentation
  --> $DIR/doc.rs:18:15
   |
18 | /// Here be ::a::global:path.
   |               ^^^^^^^^^^^^^^

error: you should put `NotInCodeBlock` between ticks in the documentation
  --> $DIR/doc.rs:19:22
   |
19 | /// That's not code ~NotInCodeBlock~.
   |                      ^^^^^^^^^^^^^^

error: you should put `be_sure_we_got_to_the_end_of_it` between ticks in the documentation
  --> $DIR/doc.rs:20:5
   |
20 | /// be_sure_we_got_to_the_end_of_it
   |     ^^^^^^^^^^^^^^^^^^^^^^^^^^^^^^^

error: you should put `be_sure_we_got_to_the_end_of_it` between ticks in the documentation
  --> $DIR/doc.rs:33:5
   |
33 | /// be_sure_we_got_to_the_end_of_it
   |     ^^^^^^^^^^^^^^^^^^^^^^^^^^^^^^^

error: you should put `be_sure_we_got_to_the_end_of_it` between ticks in the documentation
  --> $DIR/doc.rs:39:5
   |
39 | /// be_sure_we_got_to_the_end_of_it
   |     ^^^^^^^^^^^^^^^^^^^^^^^^^^^^^^^

error: you should put `be_sure_we_got_to_the_end_of_it` between ticks in the documentation
  --> $DIR/doc.rs:52:5
   |
52 | /// be_sure_we_got_to_the_end_of_it
   |     ^^^^^^^^^^^^^^^^^^^^^^^^^^^^^^^

error: you should put `link_with_underscores` between ticks in the documentation
  --> $DIR/doc.rs:55:22
   |
55 | /// This test has [a link_with_underscores][chunked-example] inside it. See #823.
   |                      ^^^^^^^^^^^^^^^^^^^^^

error: you should put `inline_link2` between ticks in the documentation
  --> $DIR/doc.rs:58:41
   |
58 | /// link][inline_link]. It can also be [inline_link2].
   |                                         ^^^^^^^^^^^^

error: you should put `be_sure_we_got_to_the_end_of_it` between ticks in the documentation
  --> $DIR/doc.rs:68:5
   |
68 | /// be_sure_we_got_to_the_end_of_it
   |     ^^^^^^^^^^^^^^^^^^^^^^^^^^^^^^^

error: you should put `CamelCaseThing` between ticks in the documentation
  --> $DIR/doc.rs:76:8
   |
76 | /// ## CamelCaseThing
   |        ^^^^^^^^^^^^^^

error: you should put `CamelCaseThing` between ticks in the documentation
  --> $DIR/doc.rs:79:7
   |
79 | /// # CamelCaseThing
   |       ^^^^^^^^^^^^^^

error: you should put `CamelCaseThing` between ticks in the documentation
  --> $DIR/doc.rs:81:22
   |
81 | /// Not a title #897 CamelCaseThing
   |                      ^^^^^^^^^^^^^^

error: you should put `be_sure_we_got_to_the_end_of_it` between ticks in the documentation
  --> $DIR/doc.rs:82:5
   |
82 | /// be_sure_we_got_to_the_end_of_it
   |     ^^^^^^^^^^^^^^^^^^^^^^^^^^^^^^^

error: you should put `be_sure_we_got_to_the_end_of_it` between ticks in the documentation
  --> $DIR/doc.rs:88:5
   |
88 | /// be_sure_we_got_to_the_end_of_it
   |     ^^^^^^^^^^^^^^^^^^^^^^^^^^^^^^^

error: you should put `be_sure_we_got_to_the_end_of_it` between ticks in the documentation
   --> $DIR/doc.rs:100:5
    |
100 | /// be_sure_we_got_to_the_end_of_it
    |     ^^^^^^^^^^^^^^^^^^^^^^^^^^^^^^^

error: you should put `FooBar` between ticks in the documentation
   --> $DIR/doc.rs:109:42
    |
109 | /** E.g. serialization of an empty list: FooBar
    |                                          ^^^^^^

error: you should put `BarQuz` between ticks in the documentation
   --> $DIR/doc.rs:114:5
    |
114 | And BarQuz too.
    |     ^^^^^^

error: you should put `be_sure_we_got_to_the_end_of_it` between ticks in the documentation
   --> $DIR/doc.rs:115:1
    |
115 | be_sure_we_got_to_the_end_of_it
    | ^^^^^^^^^^^^^^^^^^^^^^^^^^^^^^^

error: you should put `FooBar` between ticks in the documentation
   --> $DIR/doc.rs:119:42
    |
119 | /** E.g. serialization of an empty list: FooBar
    |                                          ^^^^^^

error: you should put `BarQuz` between ticks in the documentation
   --> $DIR/doc.rs:124:5
    |
124 | And BarQuz too.
    |     ^^^^^^

error: you should put `be_sure_we_got_to_the_end_of_it` between ticks in the documentation
   --> $DIR/doc.rs:125:1
    |
125 | be_sure_we_got_to_the_end_of_it
    | ^^^^^^^^^^^^^^^^^^^^^^^^^^^^^^^

error: you should put `be_sure_we_got_to_the_end_of_it` between ticks in the documentation
   --> $DIR/doc.rs:135:5
    |
135 | /// be_sure_we_got_to_the_end_of_it
    |     ^^^^^^^^^^^^^^^^^^^^^^^^^^^^^^^

error: you should put bare URLs between `<`/`>` or make a proper Markdown link
   --> $DIR/doc.rs:161:13
    |
161 | /// Not ok: http://www.unicode.org
    |             ^^^^^^^^^^^^^^^^^^^^^^

error: you should put bare URLs between `<`/`>` or make a proper Markdown link
   --> $DIR/doc.rs:162:13
    |
162 | /// Not ok: https://www.unicode.org
    |             ^^^^^^^^^^^^^^^^^^^^^^^

error: you should put bare URLs between `<`/`>` or make a proper Markdown link
   --> $DIR/doc.rs:163:13
    |
163 | /// Not ok: http://www.unicode.org/
    |             ^^^^^^^^^^^^^^^^^^^^^^

error: you should put bare URLs between `<`/`>` or make a proper Markdown link
   --> $DIR/doc.rs:164:13
    |
164 | /// Not ok: http://www.unicode.org/reports/tr9/#Reordering_Resolved_Levels
    |             ^^^^^^^^^^^^^^^^^^^^^^^^^^^^^^^^^^^^^^^^^^^^^^^^^^^^^^^^^^^^^^

error: aborting due to 30 previous errors

