error: Consider removing unnecessary double parentheses
  --> $DIR/double_parens.rs:26:14
   |
26 |     dummy_fn((0));
   |              ^^^
   |
   = note: `-D clippy::double-parens` implied by `-D warnings`

error: Consider removing unnecessary double parentheses
  --> $DIR/double_parens.rs:30:20
   |
30 |     x.dummy_method((0));
   |                    ^^^

error: Consider removing unnecessary double parentheses
  --> $DIR/double_parens.rs:34:5
   |
34 |     ((1, 2))
   |     ^^^^^^^^

error: Consider removing unnecessary double parentheses
  --> $DIR/double_parens.rs:38:5
   |
38 |     (())
   |     ^^^^

error: Consider removing unnecessary double parentheses
  --> $DIR/double_parens.rs:60:16
   |
60 |     assert_eq!(((1, 2)), (1, 2), "Error");
   |                ^^^^^^^^

error: aborting due to 5 previous errors

