error: Found an empty line after an outer attribute. Perhaps you forgot to add a '!' to make it an inner attribute?
  --> $DIR/empty_line_after_outer_attribute.rs:13:1
   |
13 | / #[crate_type = "lib"]
14 | |
15 | | /// some comment
16 | | fn with_one_newline_and_comment() {
   | |_
   |
   = note: `-D clippy::empty-line-after-outer-attr` implied by `-D warnings`

error: Found an empty line after an outer attribute. Perhaps you forgot to add a '!' to make it an inner attribute?
  --> $DIR/empty_line_after_outer_attribute.rs:28:1
   |
28 | / #[crate_type = "lib"]
29 | |
30 | | fn with_one_newline() {
   | |_

error: Found an empty line after an outer attribute. Perhaps you forgot to add a '!' to make it an inner attribute?
  --> $DIR/empty_line_after_outer_attribute.rs:35:1
   |
35 | / #[crate_type = "lib"]
36 | |
37 | | fn with_two_newlines() {
   | |_

error: Found an empty line after an outer attribute. Perhaps you forgot to add a '!' to make it an inner attribute?
  --> $DIR/empty_line_after_outer_attribute.rs:42:1
   |
42 | / #[crate_type = "lib"]
43 | |
44 | | enum Baz {
   | |_

error: Found an empty line after an outer attribute. Perhaps you forgot to add a '!' to make it an inner attribute?
  --> $DIR/empty_line_after_outer_attribute.rs:50:1
   |
50 | / #[crate_type = "lib"]
51 | |
52 | | struct Foo {
   | |_

error: Found an empty line after an outer attribute. Perhaps you forgot to add a '!' to make it an inner attribute?
  --> $DIR/empty_line_after_outer_attribute.rs:58:1
   |
58 | / #[crate_type = "lib"]
59 | |
60 | | mod foo {}
   | |_

error: aborting due to 6 previous errors

