error: useless use of `format!`
  --> $DIR/format.rs:20:5
   |
20 |     format!("foo");
   |     ^^^^^^^^^^^^^^^ help: consider using .to_string(): `"foo".to_string()`
   |
   = note: `-D clippy::useless-format` implied by `-D warnings`

error: useless use of `format!`
  --> $DIR/format.rs:22:5
   |
22 |     format!("{}", "foo");
   |     ^^^^^^^^^^^^^^^^^^^^^ help: consider using .to_string(): `"foo".to_string()`
   |
   = note: this error originates in a macro outside of the current crate (in Nightly builds, run with -Z external-macro-backtrace for more info)

error: useless use of `format!`
  --> $DIR/format.rs:26:5
   |
26 |     format!("{:+}", "foo"); // warn when the format makes no difference
   |     ^^^^^^^^^^^^^^^^^^^^^^^ help: consider using .to_string(): `"foo".to_string()`
   |
   = note: this error originates in a macro outside of the current crate (in Nightly builds, run with -Z external-macro-backtrace for more info)

error: useless use of `format!`
  --> $DIR/format.rs:27:5
   |
27 |     format!("{:<}", "foo"); // warn when the format makes no difference
   |     ^^^^^^^^^^^^^^^^^^^^^^^ help: consider using .to_string(): `"foo".to_string()`
   |
   = note: this error originates in a macro outside of the current crate (in Nightly builds, run with -Z external-macro-backtrace for more info)

error: useless use of `format!`
  --> $DIR/format.rs:32:5
   |
32 |     format!("{}", arg);
   |     ^^^^^^^^^^^^^^^^^^^ help: consider using .to_string(): `arg.to_string()`
   |
   = note: this error originates in a macro outside of the current crate (in Nightly builds, run with -Z external-macro-backtrace for more info)

error: useless use of `format!`
  --> $DIR/format.rs:36:5
   |
36 |     format!("{:+}", arg); // warn when the format makes no difference
   |     ^^^^^^^^^^^^^^^^^^^^^ help: consider using .to_string(): `arg.to_string()`
   |
   = note: this error originates in a macro outside of the current crate (in Nightly builds, run with -Z external-macro-backtrace for more info)

error: useless use of `format!`
  --> $DIR/format.rs:37:5
   |
37 |     format!("{:<}", arg); // warn when the format makes no difference
   |     ^^^^^^^^^^^^^^^^^^^^^ help: consider using .to_string(): `arg.to_string()`
   |
   = note: this error originates in a macro outside of the current crate (in Nightly builds, run with -Z external-macro-backtrace for more info)

error: useless use of `format!`
  --> $DIR/format.rs:64:5
   |
64 |     format!("{}", 42.to_string());
   |     ^^^^^^^^^^^^^^^^^^^^^^^^^^^^^^ help: `to_string()` is enough: `42.to_string()`
   |
   = note: this error originates in a macro outside of the current crate (in Nightly builds, run with -Z external-macro-backtrace for more info)

error: useless use of `format!`
  --> $DIR/format.rs:66:5
   |
66 |     format!("{}", x.display().to_string());
   |     ^^^^^^^^^^^^^^^^^^^^^^^^^^^^^^^^^^^^^^^ help: `to_string()` is enough: `x.display().to_string()`
   |
   = note: this error originates in a macro outside of the current crate (in Nightly builds, run with -Z external-macro-backtrace for more info)

error: aborting due to 9 previous errors

