error: this looks like an `else if` but the `else` is missing
  --> $DIR/formatting.rs:24:6
   |
24 |     } if foo() {
   |      ^
   |
   = note: `-D clippy::suspicious-else-formatting` implied by `-D warnings`
   = note: to remove this lint, add the missing `else` or add a new line before the second `if`

error: this looks like an `else if` but the `else` is missing
  --> $DIR/formatting.rs:31:10
   |
31 |         } if foo() {
   |          ^
   |
   = note: to remove this lint, add the missing `else` or add a new line before the second `if`

error: this looks like an `else if` but the `else` is missing
  --> $DIR/formatting.rs:39:10
   |
39 |         } if foo() {
   |          ^
   |
   = note: to remove this lint, add the missing `else` or add a new line before the second `if`

error: this is an `else if` but the formatting might hide it
  --> $DIR/formatting.rs:48:6
   |
48 |       } else
   |  ______^
49 | |     if foo() { // the span of the above error should continue here
   | |____^
   |
   = note: to remove this lint, remove the `else` or remove the new line between `else` and `if`

error: this is an `else if` but the formatting might hide it
  --> $DIR/formatting.rs:53:6
   |
53 |       }
   |  ______^
54 | |     else
55 | |     if foo() { // the span of the above error should continue here
   | |____^
   |
   = note: to remove this lint, remove the `else` or remove the new line between `else` and `if`

error: this looks like you are trying to use `.. -= ..`, but you really are doing `.. = (- ..)`
  --> $DIR/formatting.rs:80:6
   |
80 |     a =- 35;
   |      ^^^^
   |
   = note: `-D clippy::suspicious-assignment-formatting` implied by `-D warnings`
   = note: to remove this lint, use either `-=` or `= -`

error: this looks like you are trying to use `.. *= ..`, but you really are doing `.. = (* ..)`
  --> $DIR/formatting.rs:81:6
   |
81 |     a =* &191;
   |      ^^^^
   |
   = note: to remove this lint, use either `*=` or `= *`

error: this looks like you are trying to use `.. != ..`, but you really are doing `.. = (! ..)`
  --> $DIR/formatting.rs:84:6
   |
84 |     b =! false;
   |      ^^^^
   |
   = note: to remove this lint, use either `!=` or `= !`

error: possibly missing a comma here
  --> $DIR/formatting.rs:93:19
   |
93 |         -1, -2, -3 // <= no comma here
   |                   ^
   |
   = note: `-D clippy::possible-missing-comma` implied by `-D warnings`
   = note: to remove this lint, add a comma or write the expr in a single line

error: possibly missing a comma here
  --> $DIR/formatting.rs:97:19
   |
97 |         -1, -2, -3 // <= no comma here
   |                   ^
   |
   = note: to remove this lint, add a comma or write the expr in a single line

error: aborting due to 10 previous errors

