error: using `ATOMIC_BOOL_INIT`
  --> $DIR/replace_consts.rs:24:19
   |
24 |         let foo = ATOMIC_BOOL_INIT;
   |                   ^^^^^^^^^^^^^^^^ help: try this: `AtomicBool::new(false)`
   |
note: lint level defined here
  --> $DIR/replace_consts.rs:12:9
   |
12 | #![deny(clippy::replace_consts)]
   |         ^^^^^^^^^^^^^^^^^^^^^^

error: using `ATOMIC_ISIZE_INIT`
  --> $DIR/replace_consts.rs:27:19
   |
27 |         let foo = ATOMIC_ISIZE_INIT;
   |                   ^^^^^^^^^^^^^^^^^ help: try this: `AtomicIsize::new(0)`

error: using `ATOMIC_I8_INIT`
  --> $DIR/replace_consts.rs:30:19
   |
30 |         let foo = ATOMIC_I8_INIT;
   |                   ^^^^^^^^^^^^^^ help: try this: `AtomicI8::new(0)`

error: using `ATOMIC_I16_INIT`
  --> $DIR/replace_consts.rs:33:19
   |
33 |         let foo = ATOMIC_I16_INIT;
   |                   ^^^^^^^^^^^^^^^ help: try this: `AtomicI16::new(0)`

error: using `ATOMIC_I32_INIT`
  --> $DIR/replace_consts.rs:36:19
   |
36 |         let foo = ATOMIC_I32_INIT;
   |                   ^^^^^^^^^^^^^^^ help: try this: `AtomicI32::new(0)`

error: using `ATOMIC_I64_INIT`
  --> $DIR/replace_consts.rs:39:19
   |
39 |         let foo = ATOMIC_I64_INIT;
   |                   ^^^^^^^^^^^^^^^ help: try this: `AtomicI64::new(0)`

error: using `ATOMIC_USIZE_INIT`
  --> $DIR/replace_consts.rs:42:19
   |
42 |         let foo = ATOMIC_USIZE_INIT;
   |                   ^^^^^^^^^^^^^^^^^ help: try this: `AtomicUsize::new(0)`

error: using `ATOMIC_U8_INIT`
  --> $DIR/replace_consts.rs:45:19
   |
45 |         let foo = ATOMIC_U8_INIT;
   |                   ^^^^^^^^^^^^^^ help: try this: `AtomicU8::new(0)`

error: using `ATOMIC_U16_INIT`
  --> $DIR/replace_consts.rs:48:19
   |
48 |         let foo = ATOMIC_U16_INIT;
   |                   ^^^^^^^^^^^^^^^ help: try this: `AtomicU16::new(0)`

error: using `ATOMIC_U32_INIT`
  --> $DIR/replace_consts.rs:51:19
   |
51 |         let foo = ATOMIC_U32_INIT;
   |                   ^^^^^^^^^^^^^^^ help: try this: `AtomicU32::new(0)`

error: using `ATOMIC_U64_INIT`
  --> $DIR/replace_consts.rs:54:19
   |
54 |         let foo = ATOMIC_U64_INIT;
   |                   ^^^^^^^^^^^^^^^ help: try this: `AtomicU64::new(0)`

error: using `MIN`
  --> $DIR/replace_consts.rs:58:19
   |
58 |         let foo = std::isize::MIN;
   |                   ^^^^^^^^^^^^^^^ help: try this: `isize::min_value()`

error: using `MIN`
  --> $DIR/replace_consts.rs:61:19
   |
61 |         let foo = std::i8::MIN;
   |                   ^^^^^^^^^^^^ help: try this: `i8::min_value()`

error: using `MIN`
  --> $DIR/replace_consts.rs:64:19
   |
64 |         let foo = std::i16::MIN;
   |                   ^^^^^^^^^^^^^ help: try this: `i16::min_value()`

error: using `MIN`
  --> $DIR/replace_consts.rs:67:19
   |
67 |         let foo = std::i32::MIN;
   |                   ^^^^^^^^^^^^^ help: try this: `i32::min_value()`

error: using `MIN`
  --> $DIR/replace_consts.rs:70:19
   |
70 |         let foo = std::i64::MIN;
   |                   ^^^^^^^^^^^^^ help: try this: `i64::min_value()`

error: using `MIN`
  --> $DIR/replace_consts.rs:73:19
   |
73 |         let foo = std::i128::MIN;
   |                   ^^^^^^^^^^^^^^ help: try this: `i128::min_value()`

error: using `MIN`
  --> $DIR/replace_consts.rs:76:19
   |
76 |         let foo = std::usize::MIN;
   |                   ^^^^^^^^^^^^^^^ help: try this: `usize::min_value()`

error: using `MIN`
  --> $DIR/replace_consts.rs:79:19
   |
79 |         let foo = std::u8::MIN;
   |                   ^^^^^^^^^^^^ help: try this: `u8::min_value()`

error: using `MIN`
  --> $DIR/replace_consts.rs:82:19
   |
82 |         let foo = std::u16::MIN;
   |                   ^^^^^^^^^^^^^ help: try this: `u16::min_value()`

error: using `MIN`
  --> $DIR/replace_consts.rs:85:19
   |
85 |         let foo = std::u32::MIN;
   |                   ^^^^^^^^^^^^^ help: try this: `u32::min_value()`

error: using `MIN`
  --> $DIR/replace_consts.rs:88:19
   |
88 |         let foo = std::u64::MIN;
   |                   ^^^^^^^^^^^^^ help: try this: `u64::min_value()`

error: using `MIN`
  --> $DIR/replace_consts.rs:91:19
   |
91 |         let foo = std::u128::MIN;
   |                   ^^^^^^^^^^^^^^ help: try this: `u128::min_value()`

error: using `MAX`
  --> $DIR/replace_consts.rs:95:19
   |
95 |         let foo = std::isize::MAX;
   |                   ^^^^^^^^^^^^^^^ help: try this: `isize::max_value()`

error: using `MAX`
  --> $DIR/replace_consts.rs:98:19
   |
98 |         let foo = std::i8::MAX;
   |                   ^^^^^^^^^^^^ help: try this: `i8::max_value()`

error: using `MAX`
   --> $DIR/replace_consts.rs:101:19
    |
101 |         let foo = std::i16::MAX;
    |                   ^^^^^^^^^^^^^ help: try this: `i16::max_value()`

error: using `MAX`
   --> $DIR/replace_consts.rs:104:19
    |
104 |         let foo = std::i32::MAX;
    |                   ^^^^^^^^^^^^^ help: try this: `i32::max_value()`

error: using `MAX`
   --> $DIR/replace_consts.rs:107:19
    |
107 |         let foo = std::i64::MAX;
    |                   ^^^^^^^^^^^^^ help: try this: `i64::max_value()`

error: using `MAX`
   --> $DIR/replace_consts.rs:110:19
    |
110 |         let foo = std::i128::MAX;
    |                   ^^^^^^^^^^^^^^ help: try this: `i128::max_value()`

error: using `MAX`
   --> $DIR/replace_consts.rs:113:19
    |
113 |         let foo = std::usize::MAX;
    |                   ^^^^^^^^^^^^^^^ help: try this: `usize::max_value()`

error: using `MAX`
   --> $DIR/replace_consts.rs:116:19
    |
116 |         let foo = std::u8::MAX;
    |                   ^^^^^^^^^^^^ help: try this: `u8::max_value()`

error: using `MAX`
   --> $DIR/replace_consts.rs:119:19
    |
119 |         let foo = std::u16::MAX;
    |                   ^^^^^^^^^^^^^ help: try this: `u16::max_value()`

error: using `MAX`
   --> $DIR/replace_consts.rs:122:19
    |
122 |         let foo = std::u32::MAX;
    |                   ^^^^^^^^^^^^^ help: try this: `u32::max_value()`

error: using `MAX`
   --> $DIR/replace_consts.rs:125:19
    |
125 |         let foo = std::u64::MAX;
    |                   ^^^^^^^^^^^^^ help: try this: `u64::max_value()`

error: using `MAX`
   --> $DIR/replace_consts.rs:128:19
    |
128 |         let foo = std::u128::MAX;
    |                   ^^^^^^^^^^^^^^ help: try this: `u128::max_value()`

error: aborting due to 35 previous errors

