error: using `clone` on a `Copy` type
  --> $DIR/unnecessary_clone.rs:25:5
   |
25 |     42.clone();
   |     ^^^^^^^^^^ help: try removing the `clone` call: `42`
   |
   = note: `-D clippy::clone-on-copy` implied by `-D warnings`

error: using `clone` on a `Copy` type
  --> $DIR/unnecessary_clone.rs:29:5
   |
29 |     (&42).clone();
   |     ^^^^^^^^^^^^^ help: try dereferencing it: `*(&42)`

error: using '.clone()' on a ref-counted pointer
  --> $DIR/unnecessary_clone.rs:39:5
   |
39 |     rc.clone();
   |     ^^^^^^^^^^ help: try this: `Rc::<bool>::clone(&rc)`
   |
   = note: `-D clippy::clone-on-ref-ptr` implied by `-D warnings`

error: using '.clone()' on a ref-counted pointer
  --> $DIR/unnecessary_clone.rs:42:5
   |
42 |     arc.clone();
   |     ^^^^^^^^^^^ help: try this: `Arc::<bool>::clone(&arc)`

error: using '.clone()' on a ref-counted pointer
  --> $DIR/unnecessary_clone.rs:45:5
   |
45 |     rcweak.clone();
   |     ^^^^^^^^^^^^^^ help: try this: `Weak::<bool>::clone(&rcweak)`

error: using '.clone()' on a ref-counted pointer
  --> $DIR/unnecessary_clone.rs:48:5
   |
48 |     arc_weak.clone();
   |     ^^^^^^^^^^^^^^^^ help: try this: `Weak::<bool>::clone(&arc_weak)`

error: using '.clone()' on a ref-counted pointer
  --> $DIR/unnecessary_clone.rs:52:29
   |
52 |     let _: Arc<SomeTrait> = x.clone();
   |                             ^^^^^^^^^ help: try this: `Arc::<SomeImpl>::clone(&x)`

error: using `clone` on a `Copy` type
  --> $DIR/unnecessary_clone.rs:56:5
   |
56 |     t.clone();
   |     ^^^^^^^^^ help: try removing the `clone` call: `t`

error: using `clone` on a `Copy` type
  --> $DIR/unnecessary_clone.rs:58:5
   |
58 |     Some(t).clone();
   |     ^^^^^^^^^^^^^^^ help: try removing the `clone` call: `Some(t)`

error: using `clone` on a double-reference; this will copy the reference instead of cloning the inner type
  --> $DIR/unnecessary_clone.rs:64:22
   |
64 |     let z: &Vec<_> = y.clone();
   |                      ^^^^^^^^^
   |
   = note: #[deny(clippy::clone_double_ref)] on by default
help: try dereferencing it
   |
64 |     let z: &Vec<_> = &(*y).clone();
   |                      ^^^^^^^^^^^^^
help: or try being explicit about what type to clone
   |
64 |     let z: &Vec<_> = &std::vec::Vec<i32>::clone(y);
   |                      ^^^^^^^^^^^^^^^^^^^^^^^^^^^^^

error: called `cloned().collect()` on a slice to create a `Vec`. Calling `to_vec()` is both faster and more readable
  --> $DIR/unnecessary_clone.rs:71:26
   |
71 |     let v2: Vec<isize> = v.iter().cloned().collect();
   |                          ^^^^^^^^^^^^^^^^^^^^^^^^^^^
   |
   = note: `-D clippy::iter-cloned-collect` implied by `-D warnings`

error: aborting due to 11 previous errors

