error: unneeded unit return type
  --> $DIR/unused_unit.rs:27:59
   |
27 |     pub fn get_unit<F: Fn() -> (), G>(&self, f: F, _g: G) -> ()
   |                                                           ^^^^^ help: remove the `-> ()`
   |
note: lint level defined here
  --> $DIR/unused_unit.rs:20:9
   |
20 | #![deny(clippy::unused_unit)]
   |         ^^^^^^^^^^^^^^^^^^^

error: unneeded unit return type
  --> $DIR/unused_unit.rs:37:19
   |
37 |     fn into(self) -> () {
   |                   ^^^^^ help: remove the `-> ()`

error: unneeded unit expression
  --> $DIR/unused_unit.rs:38:9
   |
38 |         ()
   |         ^^ help: remove the final `()`

error: unneeded unit return type
  --> $DIR/unused_unit.rs:42:18
   |
42 | fn return_unit() -> () {
   |                  ^^^^^ help: remove the `-> ()`

error: unneeded unit expression
  --> $DIR/unused_unit.rs:43:5
   |
43 |     ()
   |     ^^ help: remove the final `()`

error: unneeded `()`
  --> $DIR/unused_unit.rs:51:15
   |
51 |         break ();
   |               ^^ help: remove the `()`

error: unneeded `()`
  --> $DIR/unused_unit.rs:53:12
   |
53 |     return ();
   |            ^^ help: remove the `()`

error: aborting due to 7 previous errors

