error: name `HTTPResponse` contains a capitalized acronym
  --> $DIR/upper_case_acronyms.rs:4:8
   |
LL | struct HTTPResponse; // linted
   |        ^^^^^^^^^^^^ help: consider making the acronym lowercase, except the initial letter: `HttpResponse`
   |
   = note: `-D clippy::upper-case-acronyms` implied by `-D warnings`

error: name `NS` contains a capitalized acronym
  --> $DIR/upper_case_acronyms.rs:9:5
   |
LL |     NS, // linted
   |     ^^ help: consider making the acronym lowercase, except the initial letter (notice the capitalization): `Ns`

error: name `GCCLLVMSomething` contains a capitalized acronym
  --> $DIR/upper_case_acronyms.rs:20:8
   |
LL | struct GCCLLVMSomething; // linted, beware that lint suggests `GccllvmSomething` instead of `GccLlvmSomething`
   |        ^^^^^^^^^^^^^^^^ help: consider making the acronym lowercase, except the initial letter: `GccllvmSomething`

error: aborting due to 3 previous errors

